// Jest Snapshot v1, https://goo.gl/fbAQLP

exports[`<App /> should render without throwing an error 1`] = `
<div
  className="app"
>
  <div
    className="header"
  >
    <div
      className="icon-react"
    />
    <a
      href="#"
    >
      Home
    </a>
    <a
      href="https://github.com/ioanungurean/forge-react-app"
    >
      <Title
        title="Forge React App on Github"
      />
    </a>
  </div>
</div>
`;
